// Jest Snapshot v1, https://goo.gl/fbAQLP

exports[`Heart renders correctly 1`] = `
<div
  className="responsive-container container-fluid"
  style={
    Object {
      "marginTop": 10,
    }
  }
>
  <div
    className="row"
  >
    <div
      className="col"
    >
      <h2>
        <i
          className="fas fa-heart text-danger"
          title="Heart"
        />
         codeprinter?
      </h2>
      <hr />
      <p>
        That's awesome! Let the developer know on Twitter (
        <a
          href="https://twitter.com/jaredtpetersen"
          rel="noopener noreferrer"
          target="_blank"
        >
          @jaredtpetersen
        </a>
        ), shoot him an 
        <a
          href="mailto:jaredtoddpetersen@gmail.com"
        >
          email
        </a>
        , 
        <a
          href="https://www.paypal.com/cgi-bin/webscr?cmd=_donations&business=JGJAC7UKRAB9J&lc=US&item_name=CodePrinter%20%2d%20Buy%20me%20a%20Coffee&currency_code=USD&bn=PP%2dDonationsBF%3abtn_donate_SM%2egif%3aNonHosted"
          rel="noopener noreferrer"
          target="_blank"
        >
          buy him a cup of coffee
        </a>
        , or star the repository on 
        <a
          href="https://github.com/jaredpetersen/codeprinter"
          rel="noopener noreferrer"
          target="_blank"
        >
          GitHub
        </a>
        .
      </p>
      <p>
        Found a bug? Want to request a new feature? Great! Just create an issue and/or check out the repository on GitHub. We're welcome to accept pull requests.
      </p>
      <h2>
        <i
          className="fas fa-info-circle text-primary"
          title="Info"
        />
         About the Developer
      </h2>
      <hr />
      <p>
        This software was developed by Jared Petersen.
      </p>
      <p>
        You can check out his other repositories on 
        <a
          href="https://github.com/jaredpetersen"
          rel="noopener noreferrer"
          target="_blank"
        >
          GitHub
        </a>
         or look at his résumé on 
        <a
          href="https://www.linkedin.com/in/petersenjared"
          rel="noopener noreferrer"
          target="_blank"
        >
          LinkedIn
        </a>
      </p>
    </div>
  </div>
</div>
`;
